programs/remittance/tests/remittance.ts(1,1): error TS1434: Unexpected keyword or identifier.
programs/remittance/tests/remittance.ts(1,17): error TS1109: Expression expected.
programs/remittance/tests/remittance.ts(1,26): error TS1109: Expression expected.
programs/remittance/tests/remittance.ts(1,27): error TS1109: Expression expected.
programs/remittance/tests/remittance.ts(1,28): error TS1109: Expression expected.
programs/remittance/tests/remittance.ts(2,1): error TS1434: Unexpected keyword or identifier.
programs/remittance/tests/remittance.ts(2,16): error TS1109: Expression expected.
programs/remittance/tests/remittance.ts(2,25): error TS1109: Expression expected.
programs/remittance/tests/remittance.ts(3,1): error TS1434: Unexpected keyword or identifier.
programs/remittance/tests/remittance.ts(3,16): error TS1109: Expression expected.
programs/remittance/tests/remittance.ts(7,1): error TS1127: Invalid character.
programs/remittance/tests/remittance.ts(8,1): error TS1434: Unexpected keyword or identifier.
programs/remittance/tests/remittance.ts(8,5): error TS1434: Unexpected keyword or identifier.
programs/remittance/tests/remittance.ts(9,5): error TS1434: Unexpected keyword or identifier.
programs/remittance/tests/remittance.ts(9,14): error TS1034: 'super' must be followed by an argument list or member access.
programs/remittance/tests/remittance.ts(9,15): error TS1128: Declaration or statement expected.
programs/remittance/tests/remittance.ts(9,16): error TS1109: Expression expected.
programs/remittance/tests/remittance.ts(9,17): error TS1109: Expression expected.
programs/remittance/tests/remittance.ts(11,5): error TS1127: Invalid character.
programs/remittance/tests/remittance.ts(12,5): error TS1434: Unexpected keyword or identifier.
programs/remittance/tests/remittance.ts(12,33): error TS1005: ';' expected.
programs/remittance/tests/remittance.ts(18,5): error TS1127: Invalid character.
programs/remittance/tests/remittance.ts(19,5): error TS1434: Unexpected keyword or identifier.
programs/remittance/tests/remittance.ts(19,32): error TS1005: ';' expected.
programs/remittance/tests/remittance.ts(23,5): error TS1127: Invalid character.
programs/remittance/tests/remittance.ts(24,5): error TS1434: Unexpected keyword or identifier.
programs/remittance/tests/remittance.ts(24,33): error TS1005: ';' expected.
